running egg_info
creating ../../build/robot_core/robot_core.egg-info
writing ../../build/robot_core/robot_core.egg-info/PKG-INFO
writing dependency_links to ../../build/robot_core/robot_core.egg-info/dependency_links.txt
writing requirements to ../../build/robot_core/robot_core.egg-info/requires.txt
writing top-level names to ../../build/robot_core/robot_core.egg-info/top_level.txt
writing manifest file '../../build/robot_core/robot_core.egg-info/SOURCES.txt'
reading manifest file '../../build/robot_core/robot_core.egg-info/SOURCES.txt'
writing manifest file '../../build/robot_core/robot_core.egg-info/SOURCES.txt'
running build
running build_py
creating /home/luna/Desktop/robot_ws/build/robot_core/build
creating /home/luna/Desktop/robot_ws/build/robot_core/build/lib
creating /home/luna/Desktop/robot_ws/build/robot_core/build/lib/robot_core
copying robot_core/__init__.py -> /home/luna/Desktop/robot_ws/build/robot_core/build/lib/robot_core
running install
running install_lib
creating /home/luna/Desktop/robot_ws/install/robot_core/lib/python3.12/site-packages/robot_core
copying /home/luna/Desktop/robot_ws/build/robot_core/build/lib/robot_core/__init__.py -> /home/luna/Desktop/robot_ws/install/robot_core/lib/python3.12/site-packages/robot_core
byte-compiling /home/luna/Desktop/robot_ws/install/robot_core/lib/python3.12/site-packages/robot_core/__init__.py to __init__.cpython-312.pyc
running install_data
creating /home/luna/Desktop/robot_ws/install/robot_core/share/ament_index
creating /home/luna/Desktop/robot_ws/install/robot_core/share/ament_index/resource_index
creating /home/luna/Desktop/robot_ws/install/robot_core/share/ament_index/resource_index/packages
copying resource/robot_core -> /home/luna/Desktop/robot_ws/install/robot_core/share/ament_index/resource_index/packages
copying package.xml -> /home/luna/Desktop/robot_ws/install/robot_core/share/robot_core
running install_egg_info
Copying ../../build/robot_core/robot_core.egg-info to /home/luna/Desktop/robot_ws/install/robot_core/lib/python3.12/site-packages/robot_core-0.0.0-py3.12.egg-info
running install_scripts
writing list of installed files to '/home/luna/Desktop/robot_ws/build/robot_core/install.log'
