[1.267s] Invoking command in '/home/luna/Desktop/robot_ws/src/robot_core': DEBUGINFOD_URLS=https://debuginfod.ubuntu.com PYTHONPATH=/home/luna/Desktop/robot_ws/build/robot_core/prefix_override:/usr/lib/python3/dist-packages/colcon_core/task/python/colcon_distutils_commands:/home/luna/Desktop/robot_ws/install/robot_core/lib/python3.12/site-packages:${PYTHONPATH} /usr/bin/python3 -W ignore:setup.py install is deprecated -W ignore:easy_install command is deprecated setup.py egg_info --egg-base ../../build/robot_core build --build-base /home/luna/Desktop/robot_ws/build/robot_core/build install --record /home/luna/Desktop/robot_ws/build/robot_core/install.log --install-scripts $base/lib/robot_core --single-version-externally-managed install_data
[1.609s] running egg_info
[1.609s] creating ../../build/robot_core/robot_core.egg-info
[1.633s] writing ../../build/robot_core/robot_core.egg-info/PKG-INFO
[1.633s] writing dependency_links to ../../build/robot_core/robot_core.egg-info/dependency_links.txt
[1.633s] writing requirements to ../../build/robot_core/robot_core.egg-info/requires.txt
[1.633s] writing top-level names to ../../build/robot_core/robot_core.egg-info/top_level.txt
[1.633s] writing manifest file '../../build/robot_core/robot_core.egg-info/SOURCES.txt'
[1.682s] reading manifest file '../../build/robot_core/robot_core.egg-info/SOURCES.txt'
[1.683s] writing manifest file '../../build/robot_core/robot_core.egg-info/SOURCES.txt'
[1.686s] running build
[1.686s] running build_py
[1.686s] creating /home/luna/Desktop/robot_ws/build/robot_core/build
[1.686s] creating /home/luna/Desktop/robot_ws/build/robot_core/build/lib
[1.687s] creating /home/luna/Desktop/robot_ws/build/robot_core/build/lib/robot_core
[1.687s] copying robot_core/__init__.py -> /home/luna/Desktop/robot_ws/build/robot_core/build/lib/robot_core
[1.687s] running install
[1.697s] running install_lib
[1.721s] creating /home/luna/Desktop/robot_ws/install/robot_core/lib/python3.12/site-packages/robot_core
[1.722s] copying /home/luna/Desktop/robot_ws/build/robot_core/build/lib/robot_core/__init__.py -> /home/luna/Desktop/robot_ws/install/robot_core/lib/python3.12/site-packages/robot_core
[1.722s] byte-compiling /home/luna/Desktop/robot_ws/install/robot_core/lib/python3.12/site-packages/robot_core/__init__.py to __init__.cpython-312.pyc
[1.723s] running install_data
[1.723s] creating /home/luna/Desktop/robot_ws/install/robot_core/share/ament_index
[1.723s] creating /home/luna/Desktop/robot_ws/install/robot_core/share/ament_index/resource_index
[1.723s] creating /home/luna/Desktop/robot_ws/install/robot_core/share/ament_index/resource_index/packages
[1.723s] copying resource/robot_core -> /home/luna/Desktop/robot_ws/install/robot_core/share/ament_index/resource_index/packages
[1.723s] copying package.xml -> /home/luna/Desktop/robot_ws/install/robot_core/share/robot_core
[1.723s] running install_egg_info
[1.752s] Copying ../../build/robot_core/robot_core.egg-info to /home/luna/Desktop/robot_ws/install/robot_core/lib/python3.12/site-packages/robot_core-0.0.0-py3.12.egg-info
[1.759s] running install_scripts
[1.970s] writing list of installed files to '/home/luna/Desktop/robot_ws/build/robot_core/install.log'
[2.047s] Invoked command in '/home/luna/Desktop/robot_ws/src/robot_core' returned '0': DEBUGINFOD_URLS=https://debuginfod.ubuntu.com PYTHONPATH=/home/luna/Desktop/robot_ws/build/robot_core/prefix_override:/usr/lib/python3/dist-packages/colcon_core/task/python/colcon_distutils_commands:/home/luna/Desktop/robot_ws/install/robot_core/lib/python3.12/site-packages:${PYTHONPATH} /usr/bin/python3 -W ignore:setup.py install is deprecated -W ignore:easy_install command is deprecated setup.py egg_info --egg-base ../../build/robot_core build --build-base /home/luna/Desktop/robot_ws/build/robot_core/build install --record /home/luna/Desktop/robot_ws/build/robot_core/install.log --install-scripts $base/lib/robot_core --single-version-externally-managed install_data
