[1.660s] Invoking command in '/home/luna/Desktop/robot_ws/src/robot_core': DEBUGINFOD_URLS=https://debuginfod.ubuntu.com PYTHONPATH=/home/luna/Desktop/robot_ws/build/robot_core/prefix_override:/usr/lib/python3/dist-packages/colcon_core/task/python/colcon_distutils_commands:/home/luna/Desktop/robot_ws/install/robot_core/lib/python3.12/site-packages:${PYTHONPATH} /usr/bin/python3 -W ignore:setup.py install is deprecated -W ignore:easy_install command is deprecated setup.py egg_info --egg-base ../../build/robot_core build --build-base /home/luna/Desktop/robot_ws/build/robot_core/build install --record /home/luna/Desktop/robot_ws/build/robot_core/install.log --install-scripts $base/lib/robot_core --single-version-externally-managed install_data
[2.057s] running egg_info
[2.085s] writing ../../build/robot_core/robot_core.egg-info/PKG-INFO
[2.085s] writing dependency_links to ../../build/robot_core/robot_core.egg-info/dependency_links.txt
[2.087s] writing entry points to ../../build/robot_core/robot_core.egg-info/entry_points.txt
[2.088s] writing requirements to ../../build/robot_core/robot_core.egg-info/requires.txt
[2.090s] writing top-level names to ../../build/robot_core/robot_core.egg-info/top_level.txt
[2.153s] reading manifest file '../../build/robot_core/robot_core.egg-info/SOURCES.txt'
[2.154s] writing manifest file '../../build/robot_core/robot_core.egg-info/SOURCES.txt'
[2.154s] running build
[2.154s] running build_py
[2.154s] copying robot_core/server_node.py -> /home/luna/Desktop/robot_ws/build/robot_core/build/lib/robot_core
[2.155s] running install
[2.165s] running install_lib
[2.194s] copying /home/luna/Desktop/robot_ws/build/robot_core/build/lib/robot_core/server_node.py -> /home/luna/Desktop/robot_ws/install/robot_core/lib/python3.12/site-packages/robot_core
[2.195s] byte-compiling /home/luna/Desktop/robot_ws/install/robot_core/lib/python3.12/site-packages/robot_core/server_node.py to server_node.cpython-312.pyc
[2.199s] running install_data
[2.199s] running install_egg_info
[2.231s] removing '/home/luna/Desktop/robot_ws/install/robot_core/lib/python3.12/site-packages/robot_core-0.0.0-py3.12.egg-info' (and everything under it)
[2.232s] Copying ../../build/robot_core/robot_core.egg-info to /home/luna/Desktop/robot_ws/install/robot_core/lib/python3.12/site-packages/robot_core-0.0.0-py3.12.egg-info
[2.234s] running install_scripts
[2.424s] Installing led_node script to /home/luna/Desktop/robot_ws/install/robot_core/lib/robot_core
[2.425s] Installing move_node script to /home/luna/Desktop/robot_ws/install/robot_core/lib/robot_core
[2.426s] Installing server_node script to /home/luna/Desktop/robot_ws/install/robot_core/lib/robot_core
[2.426s] Installing servo_node script to /home/luna/Desktop/robot_ws/install/robot_core/lib/robot_core
[2.427s] Installing ultrasonic_node script to /home/luna/Desktop/robot_ws/install/robot_core/lib/robot_core
[2.428s] writing list of installed files to '/home/luna/Desktop/robot_ws/build/robot_core/install.log'
[2.522s] Invoked command in '/home/luna/Desktop/robot_ws/src/robot_core' returned '0': DEBUGINFOD_URLS=https://debuginfod.ubuntu.com PYTHONPATH=/home/luna/Desktop/robot_ws/build/robot_core/prefix_override:/usr/lib/python3/dist-packages/colcon_core/task/python/colcon_distutils_commands:/home/luna/Desktop/robot_ws/install/robot_core/lib/python3.12/site-packages:${PYTHONPATH} /usr/bin/python3 -W ignore:setup.py install is deprecated -W ignore:easy_install command is deprecated setup.py egg_info --egg-base ../../build/robot_core build --build-base /home/luna/Desktop/robot_ws/build/robot_core/build install --record /home/luna/Desktop/robot_ws/build/robot_core/install.log --install-scripts $base/lib/robot_core --single-version-externally-managed install_data
