[2.675s] Invoking command in '/home/luna/Desktop/robot_ws/src/robot_core': DEBUGINFOD_URLS=https://debuginfod.ubuntu.com PYTHONPATH=/home/luna/Desktop/robot_ws/build/robot_core/prefix_override:/usr/lib/python3/dist-packages/colcon_core/task/python/colcon_distutils_commands:/home/luna/Desktop/robot_ws/install/robot_core/lib/python3.12/site-packages:${PYTHONPATH} /usr/bin/python3 -W ignore:setup.py install is deprecated -W ignore:easy_install command is deprecated setup.py egg_info --egg-base ../../build/robot_core build --build-base /home/luna/Desktop/robot_ws/build/robot_core/build install --record /home/luna/Desktop/robot_ws/build/robot_core/install.log --install-scripts $base/lib/robot_core --single-version-externally-managed install_data
[3.514s] running egg_info
[3.576s] writing ../../build/robot_core/robot_core.egg-info/PKG-INFO
[3.577s] writing dependency_links to ../../build/robot_core/robot_core.egg-info/dependency_links.txt
[3.578s] writing entry points to ../../build/robot_core/robot_core.egg-info/entry_points.txt
[3.579s] writing requirements to ../../build/robot_core/robot_core.egg-info/requires.txt
[3.581s] writing top-level names to ../../build/robot_core/robot_core.egg-info/top_level.txt
[3.708s] reading manifest file '../../build/robot_core/robot_core.egg-info/SOURCES.txt'
[3.710s] writing manifest file '../../build/robot_core/robot_core.egg-info/SOURCES.txt'
[3.711s] running build
[3.711s] running build_py
[3.712s] running install
[3.734s] running install_lib
[3.799s] running install_data
[3.800s] running install_egg_info
[3.867s] removing '/home/luna/Desktop/robot_ws/install/robot_core/lib/python3.12/site-packages/robot_core-0.0.0-py3.12.egg-info' (and everything under it)
[3.868s] Copying ../../build/robot_core/robot_core.egg-info to /home/luna/Desktop/robot_ws/install/robot_core/lib/python3.12/site-packages/robot_core-0.0.0-py3.12.egg-info
[3.871s] running install_scripts
[4.296s] Installing led_node script to /home/luna/Desktop/robot_ws/install/robot_core/lib/robot_core
[4.296s] Installing move_node script to /home/luna/Desktop/robot_ws/install/robot_core/lib/robot_core
[4.298s] Installing server_node script to /home/luna/Desktop/robot_ws/install/robot_core/lib/robot_core
[4.298s] Installing servo_node script to /home/luna/Desktop/robot_ws/install/robot_core/lib/robot_core
[4.299s] Installing ultrasonic_node script to /home/luna/Desktop/robot_ws/install/robot_core/lib/robot_core
[4.300s] writing list of installed files to '/home/luna/Desktop/robot_ws/build/robot_core/install.log'
[4.424s] Invoked command in '/home/luna/Desktop/robot_ws/src/robot_core' returned '0': DEBUGINFOD_URLS=https://debuginfod.ubuntu.com PYTHONPATH=/home/luna/Desktop/robot_ws/build/robot_core/prefix_override:/usr/lib/python3/dist-packages/colcon_core/task/python/colcon_distutils_commands:/home/luna/Desktop/robot_ws/install/robot_core/lib/python3.12/site-packages:${PYTHONPATH} /usr/bin/python3 -W ignore:setup.py install is deprecated -W ignore:easy_install command is deprecated setup.py egg_info --egg-base ../../build/robot_core build --build-base /home/luna/Desktop/robot_ws/build/robot_core/build install --record /home/luna/Desktop/robot_ws/build/robot_core/install.log --install-scripts $base/lib/robot_core --single-version-externally-managed install_data
