[0.742s] DEBUG:colcon:Command line arguments: ['/usr/bin/colcon', 'build']
[0.742s] DEBUG:colcon:Parsed command line arguments: Namespace(log_base=None, log_level=None, verb_name='build', build_base='build', install_base='install', merge_install=False, symlink_install=False, test_result_base=None, continue_on_error=False, executor='parallel', parallel_workers=4, event_handlers=None, ignore_user_meta=False, metas=['./colcon.meta'], base_paths=['.'], packages_ignore=None, packages_ignore_regex=None, paths=None, packages_up_to=None, packages_up_to_regex=None, packages_above=None, packages_above_and_dependencies=None, packages_above_depth=None, packages_select_by_dep=None, packages_skip_by_dep=None, packages_skip_up_to=None, packages_select_build_failed=False, packages_skip_build_finished=False, packages_select_test_failures=False, packages_skip_test_passed=False, packages_select=None, packages_skip=None, packages_select_regex=None, packages_skip_regex=None, packages_start=None, packages_end=None, allow_overriding=[], cmake_args=None, cmake_target=None, cmake_target_skip_unavailable=False, cmake_clean_cache=False, cmake_clean_first=False, cmake_force_configure=False, ament_cmake_args=None, catkin_cmake_args=None, catkin_skip_building_tests=False, verb_parser=<colcon_defaults.argument_parser.defaults.DefaultArgumentsDecorator object at 0xffffa18ba3c0>, verb_extension=<colcon_core.verb.build.BuildVerb object at 0xffffa1a77260>, main=<bound method BuildVerb.main of <colcon_core.verb.build.BuildVerb object at 0xffffa1a77260>>)
[0.890s] Level 1:colcon.colcon_core.package_discovery:discover_packages(colcon_meta) check parameters
[0.891s] Level 1:colcon.colcon_core.package_discovery:discover_packages(recursive) check parameters
[0.891s] Level 1:colcon.colcon_core.package_discovery:discover_packages(ignore) check parameters
[0.891s] Level 1:colcon.colcon_core.package_discovery:discover_packages(path) check parameters
[0.891s] Level 1:colcon.colcon_core.package_discovery:discover_packages(colcon_meta) discover
[0.891s] Level 1:colcon.colcon_core.package_discovery:discover_packages(recursive) discover
[0.891s] INFO:colcon.colcon_core.package_discovery:Crawling recursively for packages in '/home/luna/Desktop/robot_ws'
[0.891s] Level 1:colcon.colcon_core.package_identification:_identify(.) by extensions ['ignore', 'ignore_ament_install']
[0.891s] Level 1:colcon.colcon_core.package_identification:_identify(.) by extension 'ignore'
[0.891s] Level 1:colcon.colcon_core.package_identification:_identify(.) by extension 'ignore_ament_install'
[0.891s] Level 1:colcon.colcon_core.package_identification:_identify(.) by extensions ['colcon_pkg']
[0.891s] Level 1:colcon.colcon_core.package_identification:_identify(.) by extension 'colcon_pkg'
[0.891s] Level 1:colcon.colcon_core.package_identification:_identify(.) by extensions ['colcon_meta']
[0.892s] Level 1:colcon.colcon_core.package_identification:_identify(.) by extension 'colcon_meta'
[0.892s] Level 1:colcon.colcon_core.package_identification:_identify(.) by extensions ['ros']
[0.892s] Level 1:colcon.colcon_core.package_identification:_identify(.) by extension 'ros'
[0.975s] Level 1:colcon.colcon_core.package_identification:_identify(.) by extensions ['cmake', 'python']
[0.976s] Level 1:colcon.colcon_core.package_identification:_identify(.) by extension 'cmake'
[0.976s] Level 1:colcon.colcon_core.package_identification:_identify(.) by extension 'python'
[0.976s] Level 1:colcon.colcon_core.package_identification:_identify(.) by extensions ['python_setup_py']
[0.976s] Level 1:colcon.colcon_core.package_identification:_identify(.) by extension 'python_setup_py'
[0.977s] Level 1:colcon.colcon_core.package_identification:_identify(build) by extensions ['ignore', 'ignore_ament_install']
[0.977s] Level 1:colcon.colcon_core.package_identification:_identify(build) by extension 'ignore'
[0.978s] Level 1:colcon.colcon_core.package_identification:_identify(build) ignored
[0.978s] Level 1:colcon.colcon_core.package_identification:_identify(install) by extensions ['ignore', 'ignore_ament_install']
[0.979s] Level 1:colcon.colcon_core.package_identification:_identify(install) by extension 'ignore'
[0.979s] Level 1:colcon.colcon_core.package_identification:_identify(install) ignored
[0.979s] Level 1:colcon.colcon_core.package_identification:_identify(log) by extensions ['ignore', 'ignore_ament_install']
[0.980s] Level 1:colcon.colcon_core.package_identification:_identify(log) by extension 'ignore'
[0.980s] Level 1:colcon.colcon_core.package_identification:_identify(log) ignored
[0.980s] Level 1:colcon.colcon_core.package_identification:_identify(src) by extensions ['ignore', 'ignore_ament_install']
[0.981s] Level 1:colcon.colcon_core.package_identification:_identify(src) by extension 'ignore'
[0.981s] Level 1:colcon.colcon_core.package_identification:_identify(src) by extension 'ignore_ament_install'
[0.981s] Level 1:colcon.colcon_core.package_identification:_identify(src) by extensions ['colcon_pkg']
[0.981s] Level 1:colcon.colcon_core.package_identification:_identify(src) by extension 'colcon_pkg'
[0.982s] Level 1:colcon.colcon_core.package_identification:_identify(src) by extensions ['colcon_meta']
[0.982s] Level 1:colcon.colcon_core.package_identification:_identify(src) by extension 'colcon_meta'
[0.982s] Level 1:colcon.colcon_core.package_identification:_identify(src) by extensions ['ros']
[0.982s] Level 1:colcon.colcon_core.package_identification:_identify(src) by extension 'ros'
[0.982s] Level 1:colcon.colcon_core.package_identification:_identify(src) by extensions ['cmake', 'python']
[0.983s] Level 1:colcon.colcon_core.package_identification:_identify(src) by extension 'cmake'
[0.983s] Level 1:colcon.colcon_core.package_identification:_identify(src) by extension 'python'
[0.983s] Level 1:colcon.colcon_core.package_identification:_identify(src) by extensions ['python_setup_py']
[0.983s] Level 1:colcon.colcon_core.package_identification:_identify(src) by extension 'python_setup_py'
[0.984s] Level 1:colcon.colcon_core.package_identification:_identify(src/robot_core) by extensions ['ignore', 'ignore_ament_install']
[0.984s] Level 1:colcon.colcon_core.package_identification:_identify(src/robot_core) by extension 'ignore'
[0.984s] Level 1:colcon.colcon_core.package_identification:_identify(src/robot_core) by extension 'ignore_ament_install'
[0.985s] Level 1:colcon.colcon_core.package_identification:_identify(src/robot_core) by extensions ['colcon_pkg']
[0.985s] Level 1:colcon.colcon_core.package_identification:_identify(src/robot_core) by extension 'colcon_pkg'
[0.985s] Level 1:colcon.colcon_core.package_identification:_identify(src/robot_core) by extensions ['colcon_meta']
[0.985s] Level 1:colcon.colcon_core.package_identification:_identify(src/robot_core) by extension 'colcon_meta'
[0.985s] Level 1:colcon.colcon_core.package_identification:_identify(src/robot_core) by extensions ['ros']
[0.986s] Level 1:colcon.colcon_core.package_identification:_identify(src/robot_core) by extension 'ros'
[1.000s] DEBUG:colcon.colcon_core.package_identification:Package 'src/robot_core' with type 'ros.ament_python' and name 'robot_core'
[1.000s] Level 1:colcon.colcon_core.package_discovery:discover_packages(recursive) using defaults
[1.000s] Level 1:colcon.colcon_core.package_discovery:discover_packages(ignore) discover
[1.001s] Level 1:colcon.colcon_core.package_discovery:discover_packages(ignore) using defaults
[1.001s] Level 1:colcon.colcon_core.package_discovery:discover_packages(path) discover
[1.001s] Level 1:colcon.colcon_core.package_discovery:discover_packages(path) using defaults
[1.093s] Level 1:colcon.colcon_core.package_discovery:discover_packages(prefix_path) check parameters
[1.094s] Level 1:colcon.colcon_core.package_discovery:discover_packages(prefix_path) discover
[1.103s] DEBUG:colcon.colcon_installed_package_information.package_discovery:Found 1 installed packages in /home/luna/Desktop/robot_ws/install
[1.106s] DEBUG:colcon.colcon_installed_package_information.package_discovery:Found 292 installed packages in /opt/ros/jazzy
[1.107s] Level 1:colcon.colcon_core.package_discovery:discover_packages(prefix_path) using defaults
[1.196s] Level 5:colcon.colcon_core.verb:set package 'robot_core' build argument 'cmake_args' from command line to 'None'
[1.196s] Level 5:colcon.colcon_core.verb:set package 'robot_core' build argument 'cmake_target' from command line to 'None'
[1.196s] Level 5:colcon.colcon_core.verb:set package 'robot_core' build argument 'cmake_target_skip_unavailable' from command line to 'False'
[1.196s] Level 5:colcon.colcon_core.verb:set package 'robot_core' build argument 'cmake_clean_cache' from command line to 'False'
[1.196s] Level 5:colcon.colcon_core.verb:set package 'robot_core' build argument 'cmake_clean_first' from command line to 'False'
[1.197s] Level 5:colcon.colcon_core.verb:set package 'robot_core' build argument 'cmake_force_configure' from command line to 'False'
[1.197s] Level 5:colcon.colcon_core.verb:set package 'robot_core' build argument 'ament_cmake_args' from command line to 'None'
[1.197s] Level 5:colcon.colcon_core.verb:set package 'robot_core' build argument 'catkin_cmake_args' from command line to 'None'
[1.197s] Level 5:colcon.colcon_core.verb:set package 'robot_core' build argument 'catkin_skip_building_tests' from command line to 'False'
[1.197s] DEBUG:colcon.colcon_core.verb:Building package 'robot_core' with the following arguments: {'ament_cmake_args': None, 'build_base': '/home/luna/Desktop/robot_ws/build/robot_core', 'catkin_cmake_args': None, 'catkin_skip_building_tests': False, 'cmake_args': None, 'cmake_clean_cache': False, 'cmake_clean_first': False, 'cmake_force_configure': False, 'cmake_target': None, 'cmake_target_skip_unavailable': False, 'install_base': '/home/luna/Desktop/robot_ws/install/robot_core', 'merge_install': False, 'path': '/home/luna/Desktop/robot_ws/src/robot_core', 'symlink_install': False, 'test_result_base': None}
[1.197s] INFO:colcon.colcon_core.executor:Executing jobs using 'parallel' executor
[1.198s] DEBUG:colcon.colcon_parallel_executor.executor.parallel:run_until_complete
[1.198s] INFO:colcon.colcon_ros.task.ament_python.build:Building ROS package in '/home/luna/Desktop/robot_ws/src/robot_core' with build type 'ament_python'
[1.199s] Level 1:colcon.colcon_core.shell:create_environment_hook('robot_core', 'ament_prefix_path')
[1.204s] INFO:colcon.colcon_core.plugin_system:Skipping extension 'colcon_core.shell.bat': Not used on non-Windows systems
[1.205s] INFO:colcon.colcon_core.shell:Creating environment hook '/home/luna/Desktop/robot_ws/install/robot_core/share/robot_core/hook/ament_prefix_path.ps1'
[1.206s] INFO:colcon.colcon_core.shell:Creating environment descriptor '/home/luna/Desktop/robot_ws/install/robot_core/share/robot_core/hook/ament_prefix_path.dsv'
[1.208s] INFO:colcon.colcon_core.shell:Creating environment hook '/home/luna/Desktop/robot_ws/install/robot_core/share/robot_core/hook/ament_prefix_path.sh'
[1.211s] INFO:colcon.colcon_core.shell:Skip shell extension 'powershell' for command environment: Not usable outside of PowerShell
[1.211s] DEBUG:colcon.colcon_core.shell:Skip shell extension 'dsv' for command environment
[1.610s] INFO:colcon.colcon_core.task.python.build:Building Python package in '/home/luna/Desktop/robot_ws/src/robot_core'
[1.611s] INFO:colcon.colcon_core.shell:Skip shell extension 'powershell' for command environment: Not usable outside of PowerShell
[1.611s] DEBUG:colcon.colcon_core.shell:Skip shell extension 'dsv' for command environment
[3.153s] DEBUG:colcon.colcon_core.task.python.build:Available setuptools commands: update_catalog, bdist_rpm, develop, setopt, bdist, install, check, install_lib, bdist_dumb, rotate, editable_wheel, install_headers, build_scripts, alias, build_py, bdist_wheel, egg_info, register, dist_info, clean, compile_catalog, init_catalog, install_data, install_scripts, build_clib, symlink_data, saveopts, upload, easy_install, build, install_egg_info, test, build_ext, sdist, bdist_egg, extract_messages, upload_docs
[3.156s] DEBUG:colcon.colcon_core.event_handler.log_command:Invoking command in '/home/luna/Desktop/robot_ws/src/robot_core': DEBUGINFOD_URLS=https://debuginfod.ubuntu.com PYTHONPATH=/home/luna/Desktop/robot_ws/build/robot_core/prefix_override:/usr/lib/python3/dist-packages/colcon_core/task/python/colcon_distutils_commands:/home/luna/Desktop/robot_ws/install/robot_core/lib/python3.12/site-packages:${PYTHONPATH} /usr/bin/python3 -W ignore:setup.py install is deprecated -W ignore:easy_install command is deprecated setup.py egg_info --egg-base ../../build/robot_core build --build-base /home/luna/Desktop/robot_ws/build/robot_core/build install --record /home/luna/Desktop/robot_ws/build/robot_core/install.log --install-scripts $base/lib/robot_core --single-version-externally-managed install_data
[4.178s] DEBUG:colcon.colcon_core.event_handler.log_command:Invoked command in '/home/luna/Desktop/robot_ws/src/robot_core' returned '0': DEBUGINFOD_URLS=https://debuginfod.ubuntu.com PYTHONPATH=/home/luna/Desktop/robot_ws/build/robot_core/prefix_override:/usr/lib/python3/dist-packages/colcon_core/task/python/colcon_distutils_commands:/home/luna/Desktop/robot_ws/install/robot_core/lib/python3.12/site-packages:${PYTHONPATH} /usr/bin/python3 -W ignore:setup.py install is deprecated -W ignore:easy_install command is deprecated setup.py egg_info --egg-base ../../build/robot_core build --build-base /home/luna/Desktop/robot_ws/build/robot_core/build install --record /home/luna/Desktop/robot_ws/build/robot_core/install.log --install-scripts $base/lib/robot_core --single-version-externally-managed install_data
[4.186s] Level 1:colcon.colcon_core.environment:checking '/home/luna/Desktop/robot_ws/install/robot_core' for CMake module files
[4.187s] Level 1:colcon.colcon_core.environment:checking '/home/luna/Desktop/robot_ws/install/robot_core' for CMake config files
[4.189s] Level 1:colcon.colcon_core.environment:checking '/home/luna/Desktop/robot_ws/install/robot_core/lib'
[4.189s] Level 1:colcon.colcon_core.environment:checking '/home/luna/Desktop/robot_ws/install/robot_core/bin'
[4.190s] Level 1:colcon.colcon_core.environment:checking '/home/luna/Desktop/robot_ws/install/robot_core/lib/pkgconfig/robot_core.pc'
[4.190s] Level 1:colcon.colcon_core.environment:checking '/home/luna/Desktop/robot_ws/install/robot_core/lib/python3.12/site-packages'
[4.190s] Level 1:colcon.colcon_core.shell:create_environment_hook('robot_core', 'pythonpath')
[4.190s] INFO:colcon.colcon_core.shell:Creating environment hook '/home/luna/Desktop/robot_ws/install/robot_core/share/robot_core/hook/pythonpath.ps1'
[4.191s] INFO:colcon.colcon_core.shell:Creating environment descriptor '/home/luna/Desktop/robot_ws/install/robot_core/share/robot_core/hook/pythonpath.dsv'
[4.193s] INFO:colcon.colcon_core.shell:Creating environment hook '/home/luna/Desktop/robot_ws/install/robot_core/share/robot_core/hook/pythonpath.sh'
[4.194s] Level 1:colcon.colcon_core.environment:checking '/home/luna/Desktop/robot_ws/install/robot_core/bin'
[4.195s] Level 1:colcon.colcon_core.environment:create_environment_scripts_only(robot_core)
[4.195s] INFO:colcon.colcon_core.shell:Creating package script '/home/luna/Desktop/robot_ws/install/robot_core/share/robot_core/package.ps1'
[4.197s] INFO:colcon.colcon_core.shell:Creating package descriptor '/home/luna/Desktop/robot_ws/install/robot_core/share/robot_core/package.dsv'
[4.200s] INFO:colcon.colcon_core.shell:Creating package script '/home/luna/Desktop/robot_ws/install/robot_core/share/robot_core/package.sh'
[4.203s] INFO:colcon.colcon_core.shell:Creating package script '/home/luna/Desktop/robot_ws/install/robot_core/share/robot_core/package.bash'
[4.206s] INFO:colcon.colcon_core.shell:Creating package script '/home/luna/Desktop/robot_ws/install/robot_core/share/robot_core/package.zsh'
[4.209s] Level 1:colcon.colcon_core.environment:create_file_with_runtime_dependencies(/home/luna/Desktop/robot_ws/install/robot_core/share/colcon-core/packages/robot_core)
[4.211s] DEBUG:colcon.colcon_parallel_executor.executor.parallel:closing loop
[4.212s] DEBUG:colcon.colcon_parallel_executor.executor.parallel:loop closed
[4.212s] DEBUG:colcon.colcon_parallel_executor.executor.parallel:run_until_complete finished with '0'
[4.212s] DEBUG:colcon.colcon_core.event_reactor:joining thread
[4.213s] DEBUG:colcon.colcon_core.event_reactor:joined thread
[4.213s] INFO:colcon.colcon_core.shell:Creating prefix script '/home/luna/Desktop/robot_ws/install/local_setup.ps1'
[4.218s] INFO:colcon.colcon_core.shell:Creating prefix util module '/home/luna/Desktop/robot_ws/install/_local_setup_util_ps1.py'
[4.222s] INFO:colcon.colcon_core.shell:Creating prefix chain script '/home/luna/Desktop/robot_ws/install/setup.ps1'
[4.224s] INFO:colcon.colcon_core.shell:Creating prefix script '/home/luna/Desktop/robot_ws/install/local_setup.sh'
[4.227s] INFO:colcon.colcon_core.shell:Creating prefix util module '/home/luna/Desktop/robot_ws/install/_local_setup_util_sh.py'
[4.228s] INFO:colcon.colcon_core.shell:Creating prefix chain script '/home/luna/Desktop/robot_ws/install/setup.sh'
[4.231s] INFO:colcon.colcon_core.shell:Creating prefix script '/home/luna/Desktop/robot_ws/install/local_setup.bash'
[4.233s] INFO:colcon.colcon_core.shell:Creating prefix chain script '/home/luna/Desktop/robot_ws/install/setup.bash'
[4.236s] INFO:colcon.colcon_core.shell:Creating prefix script '/home/luna/Desktop/robot_ws/install/local_setup.zsh'
[4.239s] INFO:colcon.colcon_core.shell:Creating prefix chain script '/home/luna/Desktop/robot_ws/install/setup.zsh'
