[1.243s] Invoking command in '/home/luna/Desktop/robot_ws/src/robot_core': DEBUGINFOD_URLS=https://debuginfod.ubuntu.com PYTHONPATH=/home/luna/Desktop/robot_ws/build/robot_core/prefix_override:/usr/lib/python3/dist-packages/colcon_core/task/python/colcon_distutils_commands:/home/luna/Desktop/robot_ws/install/robot_core/lib/python3.12/site-packages:${PYTHONPATH} /usr/bin/python3 -W ignore:setup.py install is deprecated -W ignore:easy_install command is deprecated setup.py egg_info --egg-base ../../build/robot_core build --build-base /home/luna/Desktop/robot_ws/build/robot_core/build install --record /home/luna/Desktop/robot_ws/build/robot_core/install.log --install-scripts $base/lib/robot_core --single-version-externally-managed install_data
[1.628s] running egg_info
[1.655s] writing ../../build/robot_core/robot_core.egg-info/PKG-INFO
[1.656s] writing dependency_links to ../../build/robot_core/robot_core.egg-info/dependency_links.txt
[1.657s] writing entry points to ../../build/robot_core/robot_core.egg-info/entry_points.txt
[1.658s] writing requirements to ../../build/robot_core/robot_core.egg-info/requires.txt
[1.659s] writing top-level names to ../../build/robot_core/robot_core.egg-info/top_level.txt
[1.719s] reading manifest file '../../build/robot_core/robot_core.egg-info/SOURCES.txt'
[1.720s] writing manifest file '../../build/robot_core/robot_core.egg-info/SOURCES.txt'
[1.721s] running build
[1.721s] running build_py
[1.721s] copying robot_core/led_node.py -> /home/luna/Desktop/robot_ws/build/robot_core/build/lib/robot_core
[1.722s] running install
[1.732s] running install_lib
[1.760s] copying /home/luna/Desktop/robot_ws/build/robot_core/build/lib/robot_core/led_node.py -> /home/luna/Desktop/robot_ws/install/robot_core/lib/python3.12/site-packages/robot_core
[1.762s] byte-compiling /home/luna/Desktop/robot_ws/install/robot_core/lib/python3.12/site-packages/robot_core/led_node.py to led_node.cpython-312.pyc
[1.763s] running install_data
[1.763s] running install_egg_info
[1.796s] removing '/home/luna/Desktop/robot_ws/install/robot_core/lib/python3.12/site-packages/robot_core-0.0.0-py3.12.egg-info' (and everything under it)
[1.797s] Copying ../../build/robot_core/robot_core.egg-info to /home/luna/Desktop/robot_ws/install/robot_core/lib/python3.12/site-packages/robot_core-0.0.0-py3.12.egg-info
[1.798s] running install_scripts
[1.998s] Installing led_node script to /home/luna/Desktop/robot_ws/install/robot_core/lib/robot_core
[1.998s] Installing move_node script to /home/luna/Desktop/robot_ws/install/robot_core/lib/robot_core
[2.000s] Installing server_node script to /home/luna/Desktop/robot_ws/install/robot_core/lib/robot_core
[2.002s] Installing servo_node script to /home/luna/Desktop/robot_ws/install/robot_core/lib/robot_core
[2.003s] Installing ultrasonic_node script to /home/luna/Desktop/robot_ws/install/robot_core/lib/robot_core
[2.005s] writing list of installed files to '/home/luna/Desktop/robot_ws/build/robot_core/install.log'
[2.096s] Invoked command in '/home/luna/Desktop/robot_ws/src/robot_core' returned '0': DEBUGINFOD_URLS=https://debuginfod.ubuntu.com PYTHONPATH=/home/luna/Desktop/robot_ws/build/robot_core/prefix_override:/usr/lib/python3/dist-packages/colcon_core/task/python/colcon_distutils_commands:/home/luna/Desktop/robot_ws/install/robot_core/lib/python3.12/site-packages:${PYTHONPATH} /usr/bin/python3 -W ignore:setup.py install is deprecated -W ignore:easy_install command is deprecated setup.py egg_info --egg-base ../../build/robot_core build --build-base /home/luna/Desktop/robot_ws/build/robot_core/build install --record /home/luna/Desktop/robot_ws/build/robot_core/install.log --install-scripts $base/lib/robot_core --single-version-externally-managed install_data
