[1.210s] Invoking command in '/home/luna/Desktop/robot_ws/src/robot_core': DEBUGINFOD_URLS=https://debuginfod.ubuntu.com PYTHONPATH=/home/luna/Desktop/robot_ws/build/robot_core/prefix_override:/usr/lib/python3/dist-packages/colcon_core/task/python/colcon_distutils_commands:/home/luna/Desktop/robot_ws/install/robot_core/lib/python3.12/site-packages:${PYTHONPATH} /usr/bin/python3 -W ignore:setup.py install is deprecated -W ignore:easy_install command is deprecated setup.py egg_info --egg-base ../../build/robot_core build --build-base /home/luna/Desktop/robot_ws/build/robot_core/build install --record /home/luna/Desktop/robot_ws/build/robot_core/install.log --install-scripts $base/lib/robot_core --single-version-externally-managed install_data
[1.580s] running egg_info
[1.610s] writing ../../build/robot_core/robot_core.egg-info/PKG-INFO
[1.610s] writing dependency_links to ../../build/robot_core/robot_core.egg-info/dependency_links.txt
[1.611s] writing entry points to ../../build/robot_core/robot_core.egg-info/entry_points.txt
[1.612s] writing requirements to ../../build/robot_core/robot_core.egg-info/requires.txt
[1.612s] writing top-level names to ../../build/robot_core/robot_core.egg-info/top_level.txt
[1.694s] reading manifest file '../../build/robot_core/robot_core.egg-info/SOURCES.txt'
[1.696s] writing manifest file '../../build/robot_core/robot_core.egg-info/SOURCES.txt'
[1.696s] running build
[1.696s] running build_py
[1.696s] copying robot_core/servo_node.py -> /home/luna/Desktop/robot_ws/build/robot_core/build/lib/robot_core
[1.696s] running install
[1.706s] running install_lib
[1.736s] copying /home/luna/Desktop/robot_ws/build/robot_core/build/lib/robot_core/servo_node.py -> /home/luna/Desktop/robot_ws/install/robot_core/lib/python3.12/site-packages/robot_core
[1.737s] byte-compiling /home/luna/Desktop/robot_ws/install/robot_core/lib/python3.12/site-packages/robot_core/servo_node.py to servo_node.cpython-312.pyc
[1.740s] running install_data
[1.740s] running install_egg_info
[1.771s] removing '/home/luna/Desktop/robot_ws/install/robot_core/lib/python3.12/site-packages/robot_core-0.0.0-py3.12.egg-info' (and everything under it)
[1.772s] Copying ../../build/robot_core/robot_core.egg-info to /home/luna/Desktop/robot_ws/install/robot_core/lib/python3.12/site-packages/robot_core-0.0.0-py3.12.egg-info
[1.773s] running install_scripts
[1.988s] Installing move_node script to /home/luna/Desktop/robot_ws/install/robot_core/lib/robot_core
[1.989s] Installing server_node script to /home/luna/Desktop/robot_ws/install/robot_core/lib/robot_core
[1.989s] Installing servo_node script to /home/luna/Desktop/robot_ws/install/robot_core/lib/robot_core
[1.991s] Installing ultrasonic_node script to /home/luna/Desktop/robot_ws/install/robot_core/lib/robot_core
[1.992s] writing list of installed files to '/home/luna/Desktop/robot_ws/build/robot_core/install.log'
[2.078s] Invoked command in '/home/luna/Desktop/robot_ws/src/robot_core' returned '0': DEBUGINFOD_URLS=https://debuginfod.ubuntu.com PYTHONPATH=/home/luna/Desktop/robot_ws/build/robot_core/prefix_override:/usr/lib/python3/dist-packages/colcon_core/task/python/colcon_distutils_commands:/home/luna/Desktop/robot_ws/install/robot_core/lib/python3.12/site-packages:${PYTHONPATH} /usr/bin/python3 -W ignore:setup.py install is deprecated -W ignore:easy_install command is deprecated setup.py egg_info --egg-base ../../build/robot_core build --build-base /home/luna/Desktop/robot_ws/build/robot_core/build install --record /home/luna/Desktop/robot_ws/build/robot_core/install.log --install-scripts $base/lib/robot_core --single-version-externally-managed install_data
