/home/luna/Desktop/robot_ws/install/robot_core/lib/python3.12/site-packages/robot_core/__init__.py
/home/luna/Desktop/robot_ws/install/robot_core/lib/python3.12/site-packages/robot_core/server_node.py
/home/luna/Desktop/robot_ws/install/robot_core/lib/python3.12/site-packages/robot_core/servo_node.py
/home/luna/Desktop/robot_ws/install/robot_core/lib/python3.12/site-packages/robot_core/move_node.py
/home/luna/Desktop/robot_ws/install/robot_core/lib/python3.12/site-packages/robot_core/ultrasonic_node.py
/home/luna/Desktop/robot_ws/install/robot_core/lib/python3.12/site-packages/robot_core/__pycache__/__init__.cpython-312.pyc
/home/luna/Desktop/robot_ws/install/robot_core/lib/python3.12/site-packages/robot_core/__pycache__/server_node.cpython-312.pyc
/home/luna/Desktop/robot_ws/install/robot_core/lib/python3.12/site-packages/robot_core/__pycache__/servo_node.cpython-312.pyc
/home/luna/Desktop/robot_ws/install/robot_core/lib/python3.12/site-packages/robot_core/__pycache__/move_node.cpython-312.pyc
/home/luna/Desktop/robot_ws/install/robot_core/lib/python3.12/site-packages/robot_core/__pycache__/ultrasonic_node.cpython-312.pyc
/home/luna/Desktop/robot_ws/install/robot_core/share/ament_index/resource_index/packages/robot_core
/home/luna/Desktop/robot_ws/install/robot_core/share/robot_core/package.xml
/home/luna/Desktop/robot_ws/install/robot_core/share/robot_core/launch/launch.py
/home/luna/Desktop/robot_ws/install/robot_core/lib/python3.12/site-packages/robot_core-0.0.0-py3.12.egg-info/requires.txt
/home/luna/Desktop/robot_ws/install/robot_core/lib/python3.12/site-packages/robot_core-0.0.0-py3.12.egg-info/top_level.txt
/home/luna/Desktop/robot_ws/install/robot_core/lib/python3.12/site-packages/robot_core-0.0.0-py3.12.egg-info/zip-safe
/home/luna/Desktop/robot_ws/install/robot_core/lib/python3.12/site-packages/robot_core-0.0.0-py3.12.egg-info/PKG-INFO
/home/luna/Desktop/robot_ws/install/robot_core/lib/python3.12/site-packages/robot_core-0.0.0-py3.12.egg-info/SOURCES.txt
/home/luna/Desktop/robot_ws/install/robot_core/lib/python3.12/site-packages/robot_core-0.0.0-py3.12.egg-info/dependency_links.txt
/home/luna/Desktop/robot_ws/install/robot_core/lib/python3.12/site-packages/robot_core-0.0.0-py3.12.egg-info/entry_points.txt
/home/luna/Desktop/robot_ws/install/robot_core/lib/robot_core/move_node
/home/luna/Desktop/robot_ws/install/robot_core/lib/robot_core/server_node
/home/luna/Desktop/robot_ws/install/robot_core/lib/robot_core/servo_node
/home/luna/Desktop/robot_ws/install/robot_core/lib/robot_core/ultrasonic_node
