running egg_info
writing ../../build/robot_core/robot_core.egg-info/PKG-INFO
writing dependency_links to ../../build/robot_core/robot_core.egg-info/dependency_links.txt
writing entry points to ../../build/robot_core/robot_core.egg-info/entry_points.txt
writing requirements to ../../build/robot_core/robot_core.egg-info/requires.txt
writing top-level names to ../../build/robot_core/robot_core.egg-info/top_level.txt
reading manifest file '../../build/robot_core/robot_core.egg-info/SOURCES.txt'
writing manifest file '../../build/robot_core/robot_core.egg-info/SOURCES.txt'
running build
running build_py
running install
running install_lib
running install_data
copying launch/robot_launch.py -> /home/luna/Desktop/robot_ws/install/robot_core/share/robot_core/launch
running install_egg_info
removing '/home/luna/Desktop/robot_ws/install/robot_core/lib/python3.12/site-packages/robot_core-0.0.0-py3.12.egg-info' (and everything under it)
Copying ../../build/robot_core/robot_core.egg-info to /home/luna/Desktop/robot_ws/install/robot_core/lib/python3.12/site-packages/robot_core-0.0.0-py3.12.egg-info
running install_scripts
Installing move_node script to /home/luna/Desktop/robot_ws/install/robot_core/lib/robot_core
Installing server_node script to /home/luna/Desktop/robot_ws/install/robot_core/lib/robot_core
Installing servo_node script to /home/luna/Desktop/robot_ws/install/robot_core/lib/robot_core
Installing ultrasonic_node script to /home/luna/Desktop/robot_ws/install/robot_core/lib/robot_core
writing list of installed files to '/home/luna/Desktop/robot_ws/build/robot_core/install.log'
