[1.621s] Invoking command in '/home/luna/Desktop/robot_ws/src/robot_core': DEBUGINFOD_URLS=https://debuginfod.ubuntu.com PYTHONPATH=/home/luna/Desktop/robot_ws/build/robot_core/prefix_override:/usr/lib/python3/dist-packages/colcon_core/task/python/colcon_distutils_commands:/home/luna/Desktop/robot_ws/install/robot_core/lib/python3.12/site-packages:${PYTHONPATH} /usr/bin/python3 -W ignore:setup.py install is deprecated -W ignore:easy_install command is deprecated setup.py egg_info --egg-base ../../build/robot_core build --build-base /home/luna/Desktop/robot_ws/build/robot_core/build install --record /home/luna/Desktop/robot_ws/build/robot_core/install.log --install-scripts $base/lib/robot_core --single-version-externally-managed install_data
[2.017s] running egg_info
[2.046s] writing ../../build/robot_core/robot_core.egg-info/PKG-INFO
[2.047s] writing dependency_links to ../../build/robot_core/robot_core.egg-info/dependency_links.txt
[2.048s] writing entry points to ../../build/robot_core/robot_core.egg-info/entry_points.txt
[2.049s] writing requirements to ../../build/robot_core/robot_core.egg-info/requires.txt
[2.050s] writing top-level names to ../../build/robot_core/robot_core.egg-info/top_level.txt
[2.109s] reading manifest file '../../build/robot_core/robot_core.egg-info/SOURCES.txt'
[2.110s] writing manifest file '../../build/robot_core/robot_core.egg-info/SOURCES.txt'
[2.111s] running build
[2.111s] running build_py
[2.111s] running install
[2.122s] running install_lib
[2.152s] running install_data
[2.152s] running install_egg_info
[2.185s] removing '/home/luna/Desktop/robot_ws/install/robot_core/lib/python3.12/site-packages/robot_core-0.0.0-py3.12.egg-info' (and everything under it)
[2.185s] Copying ../../build/robot_core/robot_core.egg-info to /home/luna/Desktop/robot_ws/install/robot_core/lib/python3.12/site-packages/robot_core-0.0.0-py3.12.egg-info
[2.187s] running install_scripts
[2.380s] Installing led_node script to /home/luna/Desktop/robot_ws/install/robot_core/lib/robot_core
[2.380s] Installing move_node script to /home/luna/Desktop/robot_ws/install/robot_core/lib/robot_core
[2.382s] Installing server_node script to /home/luna/Desktop/robot_ws/install/robot_core/lib/robot_core
[2.384s] Installing servo_node script to /home/luna/Desktop/robot_ws/install/robot_core/lib/robot_core
[2.385s] Installing ultrasonic_node script to /home/luna/Desktop/robot_ws/install/robot_core/lib/robot_core
[2.387s] writing list of installed files to '/home/luna/Desktop/robot_ws/build/robot_core/install.log'
[2.476s] Invoked command in '/home/luna/Desktop/robot_ws/src/robot_core' returned '0': DEBUGINFOD_URLS=https://debuginfod.ubuntu.com PYTHONPATH=/home/luna/Desktop/robot_ws/build/robot_core/prefix_override:/usr/lib/python3/dist-packages/colcon_core/task/python/colcon_distutils_commands:/home/luna/Desktop/robot_ws/install/robot_core/lib/python3.12/site-packages:${PYTHONPATH} /usr/bin/python3 -W ignore:setup.py install is deprecated -W ignore:easy_install command is deprecated setup.py egg_info --egg-base ../../build/robot_core build --build-base /home/luna/Desktop/robot_ws/build/robot_core/build install --record /home/luna/Desktop/robot_ws/build/robot_core/install.log --install-scripts $base/lib/robot_core --single-version-externally-managed install_data
