[1.352s] Invoking command in '/home/luna/Desktop/robot_ws/src/robot_core': DEBUGINFOD_URLS=https://debuginfod.ubuntu.com PYTHONPATH=/home/luna/Desktop/robot_ws/build/robot_core/prefix_override:/usr/lib/python3/dist-packages/colcon_core/task/python/colcon_distutils_commands:/home/luna/Desktop/robot_ws/install/robot_core/lib/python3.12/site-packages:${PYTHONPATH} /usr/bin/python3 -W ignore:setup.py install is deprecated -W ignore:easy_install command is deprecated setup.py egg_info --egg-base ../../build/robot_core build --build-base /home/luna/Desktop/robot_ws/build/robot_core/build install --record /home/luna/Desktop/robot_ws/build/robot_core/install.log --install-scripts $base/lib/robot_core --single-version-externally-managed install_data
[1.787s] running egg_info
[1.821s] writing ../../build/robot_core/robot_core.egg-info/PKG-INFO
[1.825s] writing dependency_links to ../../build/robot_core/robot_core.egg-info/dependency_links.txt
[1.826s] writing requirements to ../../build/robot_core/robot_core.egg-info/requires.txt
[1.826s] writing top-level names to ../../build/robot_core/robot_core.egg-info/top_level.txt
[1.927s] reading manifest file '../../build/robot_core/robot_core.egg-info/SOURCES.txt'
[1.928s] writing manifest file '../../build/robot_core/robot_core.egg-info/SOURCES.txt'
[1.928s] running build
[1.928s] running build_py
[1.928s] copying robot_core/move_node.py -> /home/luna/Desktop/robot_ws/build/robot_core/build/lib/robot_core
[1.932s] running install
[1.939s] running install_lib
[1.979s] copying /home/luna/Desktop/robot_ws/build/robot_core/build/lib/robot_core/move_node.py -> /home/luna/Desktop/robot_ws/install/robot_core/lib/python3.12/site-packages/robot_core
[1.982s] byte-compiling /home/luna/Desktop/robot_ws/install/robot_core/lib/python3.12/site-packages/robot_core/move_node.py to move_node.cpython-312.pyc
[1.987s] running install_data
[1.988s] running install_egg_info
[2.044s] removing '/home/luna/Desktop/robot_ws/install/robot_core/lib/python3.12/site-packages/robot_core-0.0.0-py3.12.egg-info' (and everything under it)
[2.049s] Copying ../../build/robot_core/robot_core.egg-info to /home/luna/Desktop/robot_ws/install/robot_core/lib/python3.12/site-packages/robot_core-0.0.0-py3.12.egg-info
[2.067s] running install_scripts
[2.259s] writing list of installed files to '/home/luna/Desktop/robot_ws/build/robot_core/install.log'
[2.362s] Invoked command in '/home/luna/Desktop/robot_ws/src/robot_core' returned '0': DEBUGINFOD_URLS=https://debuginfod.ubuntu.com PYTHONPATH=/home/luna/Desktop/robot_ws/build/robot_core/prefix_override:/usr/lib/python3/dist-packages/colcon_core/task/python/colcon_distutils_commands:/home/luna/Desktop/robot_ws/install/robot_core/lib/python3.12/site-packages:${PYTHONPATH} /usr/bin/python3 -W ignore:setup.py install is deprecated -W ignore:easy_install command is deprecated setup.py egg_info --egg-base ../../build/robot_core build --build-base /home/luna/Desktop/robot_ws/build/robot_core/build install --record /home/luna/Desktop/robot_ws/build/robot_core/install.log --install-scripts $base/lib/robot_core --single-version-externally-managed install_data
