[3.991s] Invoking command in '/home/luna/Desktop/robot_ws/src/robot_core': DEBUGINFOD_URLS=https://debuginfod.ubuntu.com PYTHONPATH=/home/luna/Desktop/robot_ws/build/robot_core/prefix_override:/usr/lib/python3/dist-packages/colcon_core/task/python/colcon_distutils_commands:/home/luna/Desktop/robot_ws/install/robot_core/lib/python3.12/site-packages:${PYTHONPATH} /usr/bin/python3 -W ignore:setup.py install is deprecated -W ignore:easy_install command is deprecated setup.py egg_info --egg-base ../../build/robot_core build --build-base /home/luna/Desktop/robot_ws/build/robot_core/build install --record /home/luna/Desktop/robot_ws/build/robot_core/install.log --install-scripts $base/lib/robot_core --single-version-externally-managed install_data
[5.143s] running egg_info
[5.214s] writing ../../build/robot_core/robot_core.egg-info/PKG-INFO
[5.215s] writing dependency_links to ../../build/robot_core/robot_core.egg-info/dependency_links.txt
[5.218s] writing entry points to ../../build/robot_core/robot_core.egg-info/entry_points.txt
[5.219s] writing requirements to ../../build/robot_core/robot_core.egg-info/requires.txt
[5.220s] writing top-level names to ../../build/robot_core/robot_core.egg-info/top_level.txt
[5.363s] reading manifest file '../../build/robot_core/robot_core.egg-info/SOURCES.txt'
[5.368s] writing manifest file '../../build/robot_core/robot_core.egg-info/SOURCES.txt'
[5.370s] running build
[5.370s] running build_py
[5.370s] running install
[5.393s] running install_lib
[5.474s] running install_data
[5.475s] running install_egg_info
[5.564s] removing '/home/luna/Desktop/robot_ws/install/robot_core/lib/python3.12/site-packages/robot_core-0.0.0-py3.12.egg-info' (and everything under it)
[5.566s] Copying ../../build/robot_core/robot_core.egg-info to /home/luna/Desktop/robot_ws/install/robot_core/lib/python3.12/site-packages/robot_core-0.0.0-py3.12.egg-info
[5.571s] running install_scripts
[6.069s] Installing led_node script to /home/luna/Desktop/robot_ws/install/robot_core/lib/robot_core
[6.069s] Installing move_node script to /home/luna/Desktop/robot_ws/install/robot_core/lib/robot_core
[6.071s] Installing server_node script to /home/luna/Desktop/robot_ws/install/robot_core/lib/robot_core
[6.071s] Installing servo_node script to /home/luna/Desktop/robot_ws/install/robot_core/lib/robot_core
[6.073s] Installing ultrasonic_node script to /home/luna/Desktop/robot_ws/install/robot_core/lib/robot_core
[6.075s] writing list of installed files to '/home/luna/Desktop/robot_ws/build/robot_core/install.log'
[6.243s] Invoked command in '/home/luna/Desktop/robot_ws/src/robot_core' returned '0': DEBUGINFOD_URLS=https://debuginfod.ubuntu.com PYTHONPATH=/home/luna/Desktop/robot_ws/build/robot_core/prefix_override:/usr/lib/python3/dist-packages/colcon_core/task/python/colcon_distutils_commands:/home/luna/Desktop/robot_ws/install/robot_core/lib/python3.12/site-packages:${PYTHONPATH} /usr/bin/python3 -W ignore:setup.py install is deprecated -W ignore:easy_install command is deprecated setup.py egg_info --egg-base ../../build/robot_core build --build-base /home/luna/Desktop/robot_ws/build/robot_core/build install --record /home/luna/Desktop/robot_ws/build/robot_core/install.log --install-scripts $base/lib/robot_core --single-version-externally-managed install_data
