[1.332s] Invoking command in '/home/luna/Desktop/robot_ws/src/robot_core': DEBUGINFOD_URLS=https://debuginfod.ubuntu.com PYTHONPATH=/home/luna/Desktop/robot_ws/build/robot_core/prefix_override:/usr/lib/python3/dist-packages/colcon_core/task/python/colcon_distutils_commands:/home/luna/Desktop/robot_ws/install/robot_core/lib/python3.12/site-packages:${PYTHONPATH} /usr/bin/python3 -W ignore:setup.py install is deprecated -W ignore:easy_install command is deprecated setup.py egg_info --egg-base ../../build/robot_core build --build-base /home/luna/Desktop/robot_ws/build/robot_core/build install --record /home/luna/Desktop/robot_ws/build/robot_core/install.log --install-scripts $base/lib/robot_core --single-version-externally-managed install_data
[1.732s] running egg_info
[1.759s] writing ../../build/robot_core/robot_core.egg-info/PKG-INFO
[1.761s] writing dependency_links to ../../build/robot_core/robot_core.egg-info/dependency_links.txt
[1.779s] writing entry points to ../../build/robot_core/robot_core.egg-info/entry_points.txt
[1.780s] writing requirements to ../../build/robot_core/robot_core.egg-info/requires.txt
[1.781s] writing top-level names to ../../build/robot_core/robot_core.egg-info/top_level.txt
[1.833s] reading manifest file '../../build/robot_core/robot_core.egg-info/SOURCES.txt'
[1.835s] writing manifest file '../../build/robot_core/robot_core.egg-info/SOURCES.txt'
[1.836s] running build
[1.836s] running build_py
[1.836s] copying robot_core/servo_node.py -> /home/luna/Desktop/robot_ws/build/robot_core/build/lib/robot_core
[1.836s] copying robot_core/move_node.py -> /home/luna/Desktop/robot_ws/build/robot_core/build/lib/robot_core
[1.836s] running install
[1.846s] running install_lib
[1.871s] copying /home/luna/Desktop/robot_ws/build/robot_core/build/lib/robot_core/servo_node.py -> /home/luna/Desktop/robot_ws/install/robot_core/lib/python3.12/site-packages/robot_core
[1.871s] copying /home/luna/Desktop/robot_ws/build/robot_core/build/lib/robot_core/move_node.py -> /home/luna/Desktop/robot_ws/install/robot_core/lib/python3.12/site-packages/robot_core
[1.872s] byte-compiling /home/luna/Desktop/robot_ws/install/robot_core/lib/python3.12/site-packages/robot_core/servo_node.py to servo_node.cpython-312.pyc
[1.874s] byte-compiling /home/luna/Desktop/robot_ws/install/robot_core/lib/python3.12/site-packages/robot_core/move_node.py to move_node.cpython-312.pyc
[1.877s] running install_data
[1.877s] running install_egg_info
[1.909s] removing '/home/luna/Desktop/robot_ws/install/robot_core/lib/python3.12/site-packages/robot_core-0.0.0-py3.12.egg-info' (and everything under it)
[1.921s] Copying ../../build/robot_core/robot_core.egg-info to /home/luna/Desktop/robot_ws/install/robot_core/lib/python3.12/site-packages/robot_core-0.0.0-py3.12.egg-info
[1.958s] running install_scripts
[2.166s] Installing move_node script to /home/luna/Desktop/robot_ws/install/robot_core/lib/robot_core
[2.166s] Installing servo_node script to /home/luna/Desktop/robot_ws/install/robot_core/lib/robot_core
[2.166s] writing list of installed files to '/home/luna/Desktop/robot_ws/build/robot_core/install.log'
[2.247s] Invoked command in '/home/luna/Desktop/robot_ws/src/robot_core' returned '0': DEBUGINFOD_URLS=https://debuginfod.ubuntu.com PYTHONPATH=/home/luna/Desktop/robot_ws/build/robot_core/prefix_override:/usr/lib/python3/dist-packages/colcon_core/task/python/colcon_distutils_commands:/home/luna/Desktop/robot_ws/install/robot_core/lib/python3.12/site-packages:${PYTHONPATH} /usr/bin/python3 -W ignore:setup.py install is deprecated -W ignore:easy_install command is deprecated setup.py egg_info --egg-base ../../build/robot_core build --build-base /home/luna/Desktop/robot_ws/build/robot_core/build install --record /home/luna/Desktop/robot_ws/build/robot_core/install.log --install-scripts $base/lib/robot_core --single-version-externally-managed install_data
